  Geri y├╝klenecek projeler belirleniyor...
  Geri y├╝kleme i├ğin t├╝m projeler g├╝ncel.
  Domain -> C:\Users\melih\.gemini\antigravity\scratch\FitnessTracker\Core\Domain\bin\Debug\net10.0\Domain.dll
C:\Users\melih\.gemini\antigravity\scratch\FitnessTracker\Core\Application\DTO\Exercise\UpdateExerciseDto.cs(10,23): warning CS8618: Null atanamaz ├Âzellik 'ExerciseName', olu┼şturucudan ├ğ─▒k─▒┼ş yaparken null olmayan bir de─şer i├ğermelidir. 'Gerekli' de─şi┼ştiricisini ekleyin veya ├Âzellik de─şerini null atanabilir olarak bildirmeyi g├Âz ├Ân├╝nde bulundurun. [C:\Users\melih\.gemini\antigravity\scratch\FitnessTracker\Core\Application\Application.csproj]
C:\Users\melih\.gemini\antigravity\scratch\FitnessTracker\Core\Application\DTO\Exercise\UpdateExerciseDto.cs(11,23): warning CS8618: Null atanamaz ├Âzellik 'TargetMuscle', olu┼şturucudan ├ğ─▒k─▒┼ş yaparken null olmayan bir de─şer i├ğermelidir. 'Gerekli' de─şi┼ştiricisini ekleyin veya ├Âzellik de─şerini null atanabilir olarak bildirmeyi g├Âz ├Ân├╝nde bulundurun. [C:\Users\melih\.gemini\antigravity\scratch\FitnessTracker\Core\Application\Application.csproj]
C:\Users\melih\.gemini\antigravity\scratch\FitnessTracker\Core\Application\DTO\Exercise\UpdateExerciseDto.cs(12,23): warning CS8618: Null atanamaz ├Âzellik 'VideoUrl', olu┼şturucudan ├ğ─▒k─▒┼ş yaparken null olmayan bir de─şer i├ğermelidir. 'Gerekli' de─şi┼ştiricisini ekleyin veya ├Âzellik de─şerini null atanabilir olarak bildirmeyi g├Âz ├Ân├╝nde bulundurun. [C:\Users\melih\.gemini\antigravity\scratch\FitnessTracker\Core\Application\Application.csproj]
C:\Users\melih\.gemini\antigravity\scratch\FitnessTracker\Core\Application\DTO\Exercise\ExerciseDto.cs(6,23): warning CS8618: Null atanamaz ├Âzellik 'ExerciseName', olu┼şturucudan ├ğ─▒k─▒┼ş yaparken null olmayan bir de─şer i├ğermelidir. 'Gerekli' de─şi┼ştiricisini ekleyin veya ├Âzellik de─şerini null atanabilir olarak bildirmeyi g├Âz ├Ân├╝nde bulundurun. [C:\Users\melih\.gemini\antigravity\scratch\FitnessTracker\Core\Application\Application.csproj]
C:\Users\melih\.gemini\antigravity\scratch\FitnessTracker\Core\Application\DTO\Exercise\ExerciseDto.cs(7,23): warning CS8618: Null atanamaz ├Âzellik 'TargetMuscle', olu┼şturucudan ├ğ─▒k─▒┼ş yaparken null olmayan bir de─şer i├ğermelidir. 'Gerekli' de─şi┼ştiricisini ekleyin veya ├Âzellik de─şerini null atanabilir olarak bildirmeyi g├Âz ├Ân├╝nde bulundurun. [C:\Users\melih\.gemini\antigravity\scratch\FitnessTracker\Core\Application\Application.csproj]
C:\Users\melih\.gemini\antigravity\scratch\FitnessTracker\Core\Application\DTO\Exercise\CreateExerciseDto.cs(5,23): warning CS8618: Null atanamaz ├Âzellik 'ExerciseName', olu┼şturucudan ├ğ─▒k─▒┼ş yaparken null olmayan bir de─şer i├ğermelidir. 'Gerekli' de─şi┼ştiricisini ekleyin veya ├Âzellik de─şerini null atanabilir olarak bildirmeyi g├Âz ├Ân├╝nde bulundurun. [C:\Users\melih\.gemini\antigravity\scratch\FitnessTracker\Core\Application\Application.csproj]
C:\Users\melih\.gemini\antigravity\scratch\FitnessTracker\Core\Application\DTO\Exercise\CreateExerciseDto.cs(6,23): warning CS8618: Null atanamaz ├Âzellik 'TargetMuscle', olu┼şturucudan ├ğ─▒k─▒┼ş yaparken null olmayan bir de─şer i├ğermelidir. 'Gerekli' de─şi┼ştiricisini ekleyin veya ├Âzellik de─şerini null atanabilir olarak bildirmeyi g├Âz ├Ân├╝nde bulundurun. [C:\Users\melih\.gemini\antigravity\scratch\FitnessTracker\Core\Application\Application.csproj]
C:\Users\melih\.gemini\antigravity\scratch\FitnessTracker\Core\Application\DTO\WorkoutProgram\WorkoutProgramDto.cs(10,23): warning CS8618: Null atanamaz ├Âzellik 'Title', olu┼şturucudan ├ğ─▒k─▒┼ş yaparken null olmayan bir de─şer i├ğermelidir. 'Gerekli' de─şi┼ştiricisini ekleyin veya ├Âzellik de─şerini null atanabilir olarak bildirmeyi g├Âz ├Ân├╝nde bulundurun. [C:\Users\melih\.gemini\antigravity\scratch\FitnessTracker\Core\Application\Application.csproj]
C:\Users\melih\.gemini\antigravity\scratch\FitnessTracker\Core\Application\DTO\WorkoutProgram\WorkoutProgramDto.cs(11,23): warning CS8618: Null atanamaz ├Âzellik 'Level', olu┼şturucudan ├ğ─▒k─▒┼ş yaparken null olmayan bir de─şer i├ğermelidir. 'Gerekli' de─şi┼ştiricisini ekleyin veya ├Âzellik de─şerini null atanabilir olarak bildirmeyi g├Âz ├Ân├╝nde bulundurun. [C:\Users\melih\.gemini\antigravity\scratch\FitnessTracker\Core\Application\Application.csproj]
C:\Users\melih\.gemini\antigravity\scratch\FitnessTracker\Core\Application\DTO\WorkoutProgram\WorkoutProgramDto.cs(12,23): warning CS8618: Null atanamaz ├Âzellik 'Description', olu┼şturucudan ├ğ─▒k─▒┼ş yaparken null olmayan bir de─şer i├ğermelidir. 'Gerekli' de─şi┼ştiricisini ekleyin veya ├Âzellik de─şerini null atanabilir olarak bildirmeyi g├Âz ├Ân├╝nde bulundurun. [C:\Users\melih\.gemini\antigravity\scratch\FitnessTracker\Core\Application\Application.csproj]
C:\Users\melih\.gemini\antigravity\scratch\FitnessTracker\Core\Application\DTO\WorkoutProgram\WorkoutProgramDto.cs(14,23): warning CS8618: Null atanamaz ├Âzellik 'Ambition', olu┼şturucudan ├ğ─▒k─▒┼ş yaparken null olmayan bir de─şer i├ğermelidir. 'Gerekli' de─şi┼ştiricisini ekleyin veya ├Âzellik de─şerini null atanabilir olarak bildirmeyi g├Âz ├Ân├╝nde bulundurun. [C:\Users\melih\.gemini\antigravity\scratch\FitnessTracker\Core\Application\Application.csproj]
C:\Users\melih\.gemini\antigravity\scratch\FitnessTracker\Core\Application\DTO\WorkoutProgram\UpdateWorkoutProgramDto.cs(8,23): warning CS8618: Null atanamaz ├Âzellik 'Title', olu┼şturucudan ├ğ─▒k─▒┼ş yaparken null olmayan bir de─şer i├ğermelidir. 'Gerekli' de─şi┼ştiricisini ekleyin veya ├Âzellik de─şerini null atanabilir olarak bildirmeyi g├Âz ├Ân├╝nde bulundurun. [C:\Users\melih\.gemini\antigravity\scratch\FitnessTracker\Core\Application\Application.csproj]
C:\Users\melih\.gemini\antigravity\scratch\FitnessTracker\Core\Application\DTO\WorkoutProgram\UpdateWorkoutProgramDto.cs(9,23): warning CS8618: Null atanamaz ├Âzellik 'Level', olu┼şturucudan ├ğ─▒k─▒┼ş yaparken null olmayan bir de─şer i├ğermelidir. 'Gerekli' de─şi┼ştiricisini ekleyin veya ├Âzellik de─şerini null atanabilir olarak bildirmeyi g├Âz ├Ân├╝nde bulundurun. [C:\Users\melih\.gemini\antigravity\scratch\FitnessTracker\Core\Application\Application.csproj]
C:\Users\melih\.gemini\antigravity\scratch\FitnessTracker\Core\Application\DTO\WorkoutProgram\UpdateWorkoutProgramDto.cs(10,23): warning CS8618: Null atanamaz ├Âzellik 'Description', olu┼şturucudan ├ğ─▒k─▒┼ş yaparken null olmayan bir de─şer i├ğermelidir. 'Gerekli' de─şi┼ştiricisini ekleyin veya ├Âzellik de─şerini null atanabilir olarak bildirmeyi g├Âz ├Ân├╝nde bulundurun. [C:\Users\melih\.gemini\antigravity\scratch\FitnessTracker\Core\Application\Application.csproj]
C:\Users\melih\.gemini\antigravity\scratch\FitnessTracker\Core\Application\DTO\WorkoutProgram\UpdateWorkoutProgramDto.cs(13,23): warning CS8618: Null atanamaz ├Âzellik 'Ambition', olu┼şturucudan ├ğ─▒k─▒┼ş yaparken null olmayan bir de─şer i├ğermelidir. 'Gerekli' de─şi┼ştiricisini ekleyin veya ├Âzellik de─şerini null atanabilir olarak bildirmeyi g├Âz ├Ân├╝nde bulundurun. [C:\Users\melih\.gemini\antigravity\scratch\FitnessTracker\Core\Application\Application.csproj]
C:\Users\melih\.gemini\antigravity\scratch\FitnessTracker\Core\Application\DTO\ProgramExercise\ProgramExerciseDto.cs(9,23): warning CS8618: Null atanamaz ├Âzellik 'ExerciseName', olu┼şturucudan ├ğ─▒k─▒┼ş yaparken null olmayan bir de─şer i├ğermelidir. 'Gerekli' de─şi┼ştiricisini ekleyin veya ├Âzellik de─şerini null atanabilir olarak bildirmeyi g├Âz ├Ân├╝nde bulundurun. [C:\Users\melih\.gemini\antigravity\scratch\FitnessTracker\Core\Application\Application.csproj]
C:\Users\melih\.gemini\antigravity\scratch\FitnessTracker\Core\Application\DTO\WorkoutProgram\CreateWorkoutProgramDto.cs(8,23): warning CS8618: Null atanamaz ├Âzellik 'Title', olu┼şturucudan ├ğ─▒k─▒┼ş yaparken null olmayan bir de─şer i├ğermelidir. 'Gerekli' de─şi┼ştiricisini ekleyin veya ├Âzellik de─şerini null atanabilir olarak bildirmeyi g├Âz ├Ân├╝nde bulundurun. [C:\Users\melih\.gemini\antigravity\scratch\FitnessTracker\Core\Application\Application.csproj]
C:\Users\melih\.gemini\antigravity\scratch\FitnessTracker\Core\Application\DTO\WorkoutProgram\CreateWorkoutProgramDto.cs(9,23): warning CS8618: Null atanamaz ├Âzellik 'Level', olu┼şturucudan ├ğ─▒k─▒┼ş yaparken null olmayan bir de─şer i├ğermelidir. 'Gerekli' de─şi┼ştiricisini ekleyin veya ├Âzellik de─şerini null atanabilir olarak bildirmeyi g├Âz ├Ân├╝nde bulundurun. [C:\Users\melih\.gemini\antigravity\scratch\FitnessTracker\Core\Application\Application.csproj]
C:\Users\melih\.gemini\antigravity\scratch\FitnessTracker\Core\Application\DTO\WorkoutProgram\CreateWorkoutProgramDto.cs(10,23): warning CS8618: Null atanamaz ├Âzellik 'Description', olu┼şturucudan ├ğ─▒k─▒┼ş yaparken null olmayan bir de─şer i├ğermelidir. 'Gerekli' de─şi┼ştiricisini ekleyin veya ├Âzellik de─şerini null atanabilir olarak bildirmeyi g├Âz ├Ân├╝nde bulundurun. [C:\Users\melih\.gemini\antigravity\scratch\FitnessTracker\Core\Application\Application.csproj]
C:\Users\melih\.gemini\antigravity\scratch\FitnessTracker\Core\Application\DTO\WorkoutProgram\CreateWorkoutProgramDto.cs(13,23): warning CS8618: Null atanamaz ├Âzellik 'Ambition', olu┼şturucudan ├ğ─▒k─▒┼ş yaparken null olmayan bir de─şer i├ğermelidir. 'Gerekli' de─şi┼ştiricisini ekleyin veya ├Âzellik de─şerini null atanabilir olarak bildirmeyi g├Âz ├Ân├╝nde bulundurun. [C:\Users\melih\.gemini\antigravity\scratch\FitnessTracker\Core\Application\Application.csproj]
C:\Users\melih\.gemini\antigravity\scratch\FitnessTracker\Core\Application\DTO\WorkoutLog\WorkoutLogDto.cs(11,23): warning CS8618: Null atanamaz ├Âzellik 'ExerciseName', olu┼şturucudan ├ğ─▒k─▒┼ş yaparken null olmayan bir de─şer i├ğermelidir. 'Gerekli' de─şi┼ştiricisini ekleyin veya ├Âzellik de─şerini null atanabilir olarak bildirmeyi g├Âz ├Ân├╝nde bulundurun. [C:\Users\melih\.gemini\antigravity\scratch\FitnessTracker\Core\Application\Application.csproj]
C:\Users\melih\.gemini\antigravity\scratch\FitnessTracker\Core\Application\ServiceRegister.cs(30,13): warning CS8634: 'Application.Common.AWS.AWSOptions?' t├╝r├╝ 'ServiceCollectionServiceExtensions.AddSingleton<TService>(IServiceCollection, TService)' genel t├╝r├╝ veya metodu i├ğin 'TService' t├╝r parametresi olarak kullan─▒lam─▒yor. 'Application.Common.AWS.AWSOptions?' t├╝r ba─ş─▒ms─▒z de─şi┼şkeninin bo┼ş de─şer atanabilirli─şi, 'class' k─▒s─▒tlamas─▒yla e┼şle┼şmiyor. [C:\Users\melih\.gemini\antigravity\scratch\FitnessTracker\Core\Application\Application.csproj]
C:\Users\melih\.gemini\antigravity\scratch\FitnessTracker\Core\Application\ServiceRegister.cs(32,43): warning CS8604: 'IAmazonS3 AwsS3ClientFactory.Create(AWSOptions options)' i├ğindeki 'options' parametresi i├ğin olas─▒ null ba┼şvuru ba─ş─▒ms─▒z de─şi┼şkeni. [C:\Users\melih\.gemini\antigravity\scratch\FitnessTracker\Core\Application\Application.csproj]
  Application -> C:\Users\melih\.gemini\antigravity\scratch\FitnessTracker\Core\Application\bin\Debug\net10.0\Application.dll
  Infrastructure -> C:\Users\melih\.gemini\antigravity\scratch\FitnessTracker\Infrastructure\Infrastructure\bin\Debug\net10.0\Infrastructure.dll
  Persistence -> C:\Users\melih\.gemini\antigravity\scratch\FitnessTracker\Infrastructure\Persistence\bin\Debug\net10.0\Persistence.dll
  WebApi -> C:\Users\melih\.gemini\antigravity\scratch\FitnessTracker\WebApi\bin\Debug\net10.0\WebApi.dll

Olu┼şturma ba┼şar─▒l─▒ oldu.

C:\Users\melih\.gemini\antigravity\scratch\FitnessTracker\Core\Application\DTO\Exercise\UpdateExerciseDto.cs(10,23): warning CS8618: Null atanamaz ├Âzellik 'ExerciseName', olu┼şturucudan ├ğ─▒k─▒┼ş yaparken null olmayan bir de─şer i├ğermelidir. 'Gerekli' de─şi┼ştiricisini ekleyin veya ├Âzellik de─şerini null atanabilir olarak bildirmeyi g├Âz ├Ân├╝nde bulundurun. [C:\Users\melih\.gemini\antigravity\scratch\FitnessTracker\Core\Application\Application.csproj]
C:\Users\melih\.gemini\antigravity\scratch\FitnessTracker\Core\Application\DTO\Exercise\UpdateExerciseDto.cs(11,23): warning CS8618: Null atanamaz ├Âzellik 'TargetMuscle', olu┼şturucudan ├ğ─▒k─▒┼ş yaparken null olmayan bir de─şer i├ğermelidir. 'Gerekli' de─şi┼ştiricisini ekleyin veya ├Âzellik de─şerini null atanabilir olarak bildirmeyi g├Âz ├Ân├╝nde bulundurun. [C:\Users\melih\.gemini\antigravity\scratch\FitnessTracker\Core\Application\Application.csproj]
C:\Users\melih\.gemini\antigravity\scratch\FitnessTracker\Core\Application\DTO\Exercise\UpdateExerciseDto.cs(12,23): warning CS8618: Null atanamaz ├Âzellik 'VideoUrl', olu┼şturucudan ├ğ─▒k─▒┼ş yaparken null olmayan bir de─şer i├ğermelidir. 'Gerekli' de─şi┼ştiricisini ekleyin veya ├Âzellik de─şerini null atanabilir olarak bildirmeyi g├Âz ├Ân├╝nde bulundurun. [C:\Users\melih\.gemini\antigravity\scratch\FitnessTracker\Core\Application\Application.csproj]
C:\Users\melih\.gemini\antigravity\scratch\FitnessTracker\Core\Application\DTO\Exercise\ExerciseDto.cs(6,23): warning CS8618: Null atanamaz ├Âzellik 'ExerciseName', olu┼şturucudan ├ğ─▒k─▒┼ş yaparken null olmayan bir de─şer i├ğermelidir. 'Gerekli' de─şi┼ştiricisini ekleyin veya ├Âzellik de─şerini null atanabilir olarak bildirmeyi g├Âz ├Ân├╝nde bulundurun. [C:\Users\melih\.gemini\antigravity\scratch\FitnessTracker\Core\Application\Application.csproj]
C:\Users\melih\.gemini\antigravity\scratch\FitnessTracker\Core\Application\DTO\Exercise\ExerciseDto.cs(7,23): warning CS8618: Null atanamaz ├Âzellik 'TargetMuscle', olu┼şturucudan ├ğ─▒k─▒┼ş yaparken null olmayan bir de─şer i├ğermelidir. 'Gerekli' de─şi┼ştiricisini ekleyin veya ├Âzellik de─şerini null atanabilir olarak bildirmeyi g├Âz ├Ân├╝nde bulundurun. [C:\Users\melih\.gemini\antigravity\scratch\FitnessTracker\Core\Application\Application.csproj]
C:\Users\melih\.gemini\antigravity\scratch\FitnessTracker\Core\Application\DTO\Exercise\CreateExerciseDto.cs(5,23): warning CS8618: Null atanamaz ├Âzellik 'ExerciseName', olu┼şturucudan ├ğ─▒k─▒┼ş yaparken null olmayan bir de─şer i├ğermelidir. 'Gerekli' de─şi┼ştiricisini ekleyin veya ├Âzellik de─şerini null atanabilir olarak bildirmeyi g├Âz ├Ân├╝nde bulundurun. [C:\Users\melih\.gemini\antigravity\scratch\FitnessTracker\Core\Application\Application.csproj]
C:\Users\melih\.gemini\antigravity\scratch\FitnessTracker\Core\Application\DTO\Exercise\CreateExerciseDto.cs(6,23): warning CS8618: Null atanamaz ├Âzellik 'TargetMuscle', olu┼şturucudan ├ğ─▒k─▒┼ş yaparken null olmayan bir de─şer i├ğermelidir. 'Gerekli' de─şi┼ştiricisini ekleyin veya ├Âzellik de─şerini null atanabilir olarak bildirmeyi g├Âz ├Ân├╝nde bulundurun. [C:\Users\melih\.gemini\antigravity\scratch\FitnessTracker\Core\Application\Application.csproj]
C:\Users\melih\.gemini\antigravity\scratch\FitnessTracker\Core\Application\DTO\WorkoutProgram\WorkoutProgramDto.cs(10,23): warning CS8618: Null atanamaz ├Âzellik 'Title', olu┼şturucudan ├ğ─▒k─▒┼ş yaparken null olmayan bir de─şer i├ğermelidir. 'Gerekli' de─şi┼ştiricisini ekleyin veya ├Âzellik de─şerini null atanabilir olarak bildirmeyi g├Âz ├Ân├╝nde bulundurun. [C:\Users\melih\.gemini\antigravity\scratch\FitnessTracker\Core\Application\Application.csproj]
C:\Users\melih\.gemini\antigravity\scratch\FitnessTracker\Core\Application\DTO\WorkoutProgram\WorkoutProgramDto.cs(11,23): warning CS8618: Null atanamaz ├Âzellik 'Level', olu┼şturucudan ├ğ─▒k─▒┼ş yaparken null olmayan bir de─şer i├ğermelidir. 'Gerekli' de─şi┼ştiricisini ekleyin veya ├Âzellik de─şerini null atanabilir olarak bildirmeyi g├Âz ├Ân├╝nde bulundurun. [C:\Users\melih\.gemini\antigravity\scratch\FitnessTracker\Core\Application\Application.csproj]
C:\Users\melih\.gemini\antigravity\scratch\FitnessTracker\Core\Application\DTO\WorkoutProgram\WorkoutProgramDto.cs(12,23): warning CS8618: Null atanamaz ├Âzellik 'Description', olu┼şturucudan ├ğ─▒k─▒┼ş yaparken null olmayan bir de─şer i├ğermelidir. 'Gerekli' de─şi┼ştiricisini ekleyin veya ├Âzellik de─şerini null atanabilir olarak bildirmeyi g├Âz ├Ân├╝nde bulundurun. [C:\Users\melih\.gemini\antigravity\scratch\FitnessTracker\Core\Application\Application.csproj]
C:\Users\melih\.gemini\antigravity\scratch\FitnessTracker\Core\Application\DTO\WorkoutProgram\WorkoutProgramDto.cs(14,23): warning CS8618: Null atanamaz ├Âzellik 'Ambition', olu┼şturucudan ├ğ─▒k─▒┼ş yaparken null olmayan bir de─şer i├ğermelidir. 'Gerekli' de─şi┼ştiricisini ekleyin veya ├Âzellik de─şerini null atanabilir olarak bildirmeyi g├Âz ├Ân├╝nde bulundurun. [C:\Users\melih\.gemini\antigravity\scratch\FitnessTracker\Core\Application\Application.csproj]
C:\Users\melih\.gemini\antigravity\scratch\FitnessTracker\Core\Application\DTO\WorkoutProgram\UpdateWorkoutProgramDto.cs(8,23): warning CS8618: Null atanamaz ├Âzellik 'Title', olu┼şturucudan ├ğ─▒k─▒┼ş yaparken null olmayan bir de─şer i├ğermelidir. 'Gerekli' de─şi┼ştiricisini ekleyin veya ├Âzellik de─şerini null atanabilir olarak bildirmeyi g├Âz ├Ân├╝nde bulundurun. [C:\Users\melih\.gemini\antigravity\scratch\FitnessTracker\Core\Application\Application.csproj]
C:\Users\melih\.gemini\antigravity\scratch\FitnessTracker\Core\Application\DTO\WorkoutProgram\UpdateWorkoutProgramDto.cs(9,23): warning CS8618: Null atanamaz ├Âzellik 'Level', olu┼şturucudan ├ğ─▒k─▒┼ş yaparken null olmayan bir de─şer i├ğermelidir. 'Gerekli' de─şi┼ştiricisini ekleyin veya ├Âzellik de─şerini null atanabilir olarak bildirmeyi g├Âz ├Ân├╝nde bulundurun. [C:\Users\melih\.gemini\antigravity\scratch\FitnessTracker\Core\Application\Application.csproj]
C:\Users\melih\.gemini\antigravity\scratch\FitnessTracker\Core\Application\DTO\WorkoutProgram\UpdateWorkoutProgramDto.cs(10,23): warning CS8618: Null atanamaz ├Âzellik 'Description', olu┼şturucudan ├ğ─▒k─▒┼ş yaparken null olmayan bir de─şer i├ğermelidir. 'Gerekli' de─şi┼ştiricisini ekleyin veya ├Âzellik de─şerini null atanabilir olarak bildirmeyi g├Âz ├Ân├╝nde bulundurun. [C:\Users\melih\.gemini\antigravity\scratch\FitnessTracker\Core\Application\Application.csproj]
C:\Users\melih\.gemini\antigravity\scratch\FitnessTracker\Core\Application\DTO\WorkoutProgram\UpdateWorkoutProgramDto.cs(13,23): warning CS8618: Null atanamaz ├Âzellik 'Ambition', olu┼şturucudan ├ğ─▒k─▒┼ş yaparken null olmayan bir de─şer i├ğermelidir. 'Gerekli' de─şi┼ştiricisini ekleyin veya ├Âzellik de─şerini null atanabilir olarak bildirmeyi g├Âz ├Ân├╝nde bulundurun. [C:\Users\melih\.gemini\antigravity\scratch\FitnessTracker\Core\Application\Application.csproj]
C:\Users\melih\.gemini\antigravity\scratch\FitnessTracker\Core\Application\DTO\ProgramExercise\ProgramExerciseDto.cs(9,23): warning CS8618: Null atanamaz ├Âzellik 'ExerciseName', olu┼şturucudan ├ğ─▒k─▒┼ş yaparken null olmayan bir de─şer i├ğermelidir. 'Gerekli' de─şi┼ştiricisini ekleyin veya ├Âzellik de─şerini null atanabilir olarak bildirmeyi g├Âz ├Ân├╝nde bulundurun. [C:\Users\melih\.gemini\antigravity\scratch\FitnessTracker\Core\Application\Application.csproj]
C:\Users\melih\.gemini\antigravity\scratch\FitnessTracker\Core\Application\DTO\WorkoutProgram\CreateWorkoutProgramDto.cs(8,23): warning CS8618: Null atanamaz ├Âzellik 'Title', olu┼şturucudan ├ğ─▒k─▒┼ş yaparken null olmayan bir de─şer i├ğermelidir. 'Gerekli' de─şi┼ştiricisini ekleyin veya ├Âzellik de─şerini null atanabilir olarak bildirmeyi g├Âz ├Ân├╝nde bulundurun. [C:\Users\melih\.gemini\antigravity\scratch\FitnessTracker\Core\Application\Application.csproj]
C:\Users\melih\.gemini\antigravity\scratch\FitnessTracker\Core\Application\DTO\WorkoutProgram\CreateWorkoutProgramDto.cs(9,23): warning CS8618: Null atanamaz ├Âzellik 'Level', olu┼şturucudan ├ğ─▒k─▒┼ş yaparken null olmayan bir de─şer i├ğermelidir. 'Gerekli' de─şi┼ştiricisini ekleyin veya ├Âzellik de─şerini null atanabilir olarak bildirmeyi g├Âz ├Ân├╝nde bulundurun. [C:\Users\melih\.gemini\antigravity\scratch\FitnessTracker\Core\Application\Application.csproj]
C:\Users\melih\.gemini\antigravity\scratch\FitnessTracker\Core\Application\DTO\WorkoutProgram\CreateWorkoutProgramDto.cs(10,23): warning CS8618: Null atanamaz ├Âzellik 'Description', olu┼şturucudan ├ğ─▒k─▒┼ş yaparken null olmayan bir de─şer i├ğermelidir. 'Gerekli' de─şi┼ştiricisini ekleyin veya ├Âzellik de─şerini null atanabilir olarak bildirmeyi g├Âz ├Ân├╝nde bulundurun. [C:\Users\melih\.gemini\antigravity\scratch\FitnessTracker\Core\Application\Application.csproj]
C:\Users\melih\.gemini\antigravity\scratch\FitnessTracker\Core\Application\DTO\WorkoutProgram\CreateWorkoutProgramDto.cs(13,23): warning CS8618: Null atanamaz ├Âzellik 'Ambition', olu┼şturucudan ├ğ─▒k─▒┼ş yaparken null olmayan bir de─şer i├ğermelidir. 'Gerekli' de─şi┼ştiricisini ekleyin veya ├Âzellik de─şerini null atanabilir olarak bildirmeyi g├Âz ├Ân├╝nde bulundurun. [C:\Users\melih\.gemini\antigravity\scratch\FitnessTracker\Core\Application\Application.csproj]
C:\Users\melih\.gemini\antigravity\scratch\FitnessTracker\Core\Application\DTO\WorkoutLog\WorkoutLogDto.cs(11,23): warning CS8618: Null atanamaz ├Âzellik 'ExerciseName', olu┼şturucudan ├ğ─▒k─▒┼ş yaparken null olmayan bir de─şer i├ğermelidir. 'Gerekli' de─şi┼ştiricisini ekleyin veya ├Âzellik de─şerini null atanabilir olarak bildirmeyi g├Âz ├Ân├╝nde bulundurun. [C:\Users\melih\.gemini\antigravity\scratch\FitnessTracker\Core\Application\Application.csproj]
C:\Users\melih\.gemini\antigravity\scratch\FitnessTracker\Core\Application\ServiceRegister.cs(30,13): warning CS8634: 'Application.Common.AWS.AWSOptions?' t├╝r├╝ 'ServiceCollectionServiceExtensions.AddSingleton<TService>(IServiceCollection, TService)' genel t├╝r├╝ veya metodu i├ğin 'TService' t├╝r parametresi olarak kullan─▒lam─▒yor. 'Application.Common.AWS.AWSOptions?' t├╝r ba─ş─▒ms─▒z de─şi┼şkeninin bo┼ş de─şer atanabilirli─şi, 'class' k─▒s─▒tlamas─▒yla e┼şle┼şmiyor. [C:\Users\melih\.gemini\antigravity\scratch\FitnessTracker\Core\Application\Application.csproj]
C:\Users\melih\.gemini\antigravity\scratch\FitnessTracker\Core\Application\ServiceRegister.cs(32,43): warning CS8604: 'IAmazonS3 AwsS3ClientFactory.Create(AWSOptions options)' i├ğindeki 'options' parametresi i├ğin olas─▒ null ba┼şvuru ba─ş─▒ms─▒z de─şi┼şkeni. [C:\Users\melih\.gemini\antigravity\scratch\FitnessTracker\Core\Application\Application.csproj]
    23 Uyar─▒
    0 Hata

Ge├ğen S├╝re 00:00:02.70
