  Geri yüklenecek projeler belirleniyor...
  Geri yükleme için tüm projeler güncel.
  Domain -> C:\Users\melih\.gemini\antigravity\scratch\FitnessTracker\Core\Domain\bin\Debug\net10.0\Domain.dll
  Application -> C:\Users\melih\.gemini\antigravity\scratch\FitnessTracker\Core\Application\bin\Debug\net10.0\Application.dll
  Infrastructure -> C:\Users\melih\.gemini\antigravity\scratch\FitnessTracker\Infrastructure\Infrastructure\bin\Debug\net10.0\Infrastructure.dll
  Persistence -> C:\Users\melih\.gemini\antigravity\scratch\FitnessTracker\Infrastructure\Persistence\bin\Debug\net10.0\Persistence.dll
  WebApi -> C:\Users\melih\.gemini\antigravity\scratch\FitnessTracker\WebApi\bin\Debug\net10.0\WebApi.dll

Oluşturma başarılı oldu.
    0 Uyarı
    0 Hata

Geçen Süre 00:00:02.27
